cofaxCDS
cofaxEmail
cofaxAdmin
fileServlet
cofaxToolscofaxCDS
cofaxEmail
cofaxAdmin
fileServlet
cofaxToolscofaxCDS
org.cofax.cds.CDSServlet
cofaxEmail
org.cofax.cds.EmailServlet
cofaxAdmin
org.cofax.cds.AdminServlet
fileServlet
org.cofax.cds.FileServlet
cofaxTools
org.cofax.cms.CofaxToolsServlet1
2
3onmain_window
sun1
text1main_windowCake
Raised
Old Fashioned