falsefalsefalsecofaxCDS
org.cofax.cds.CDSServlet
Philadelphia, PA
ksm@pobox.com
Cofax
/images/cofax.gif
/content/static
org.cofax.WysiwygTemplate
org.cofax.FilesTemplateLoader
templates

listTemplate.htm
articleTemplate.htm
false
listTemplate.jsp
articleTemplate.jsp
200
200
60
100
50
15
200
100
10
10
forSearchEnginesList.htm
forSearchEngines.htm
WEB-INF/robots.db
true
org.cofax.SqlDataStore
org.cofax.SqlRedirection
cofax
com.microsoft.jdbc.sqlserver.SQLServerDriver
jdbc:microsoft:sqlserver://LOCALHOST:1433;DatabaseName=goon
sa
dataStoreTestQuery
SET NOCOUNT ON;select test='test';
/usr/local/tomcat/logs/datastore.log
10
100
100
debug
500
cofaxEmail
org.cofax.cds.EmailServlet
mail1
mail2
cofaxAdmin
org.cofax.cds.AdminServlet
fileServlet
org.cofax.cds.FileServlet
cofaxTools
org.cofax.cms.CofaxToolsServlet
toolstemplates/
1
/usr/local/tomcat/logs/CofaxTools.log

1
/usr/local/tomcat/logs/dataLog.log

/content/admin/remove?cache=pages&id=
/content/admin/remove?cache=templates&id=
/usr/local/tomcat/webapps/content/fileTransferFolder
1
4
true
/
/cofaxutil/aemail/*
/admin/*
/static/*
/tools/*
cofax.tld
/WEB-INF/tlds/cofax.tldmain_window
sun1
text1123123123hirare
blah
bleh
hi
hi
123